../Core/Src/aht30.c:35:9:my_i2c_init	4	static
../Core/Src/aht30.c:40:9:my_i2c_deinit	4	static
../Core/Src/aht30.c:46:9:my_i2c_read	24	static
../Core/Src/aht30.c:53:9:my_i2c_write	24	static
../Core/Src/aht30.c:60:6:my_delay_ms	16	static
../Core/Src/aht30.c:66:6:my_debug_print	144	static
../Core/Src/aht30.c:81:17:app_aht30_init	8	static
../Core/Src/aht30.c:117:16:a_aht30_iic_read	24	static
../Core/Src/aht30.c:139:16:a_aht30_iic_write	24	static
../Core/Src/aht30.c:158:16:a_aht30_calc_crc	24	static
../Core/Src/aht30.c:192:16:a_aht30_jh_reset_reg	24	static
../Core/Src/aht30.c:233:9:aht30_init	24	static
../Core/Src/aht30.c:330:9:aht30_deinit	16	static
../Core/Src/aht30.c:368:9:aht30_read_temperature_humidity	32	static
../Core/Src/aht30.c:442:9:aht30_read_temperature	32	static
../Core/Src/aht30.c:509:9:aht30_read_humidity	32	static
../Core/Src/aht30.c:572:9:aht30_get_status	16	static
../Core/Src/aht30.c:605:9:aht30_set_reg	24	static
../Core/Src/aht30.c:638:9:aht30_get_reg	24	static
../Core/Src/aht30.c:667:9:aht30_info	16	static
